mode: set
graph/internal/graph/build-edges.go:5.106,7.34 2 1
graph/internal/graph/build-edges.go:7.34,12.32 4 1
graph/internal/graph/build-edges.go:12.32,13.36 1 1
graph/internal/graph/build-edges.go:13.36,16.5 2 1
graph/internal/graph/build-edges.go:17.4,17.37 1 1
graph/internal/graph/build-edges.go:17.37,21.5 3 1
graph/internal/graph/build-edges.go:24.2,24.17 1 1
graph/internal/graph/build-edges.go:27.108,29.42 2 1
graph/internal/graph/build-edges.go:29.42,30.32 1 1
graph/internal/graph/build-edges.go:30.32,32.4 1 1
graph/internal/graph/build-edges.go:34.2,34.16 1 1
graph/internal/graph/build-edges.go:37.109,39.43 2 1
graph/internal/graph/build-edges.go:39.43,40.34 1 1
graph/internal/graph/build-edges.go:40.34,42.4 1 1
graph/internal/graph/build-edges.go:44.2,44.16 1 1
graph/internal/graph/build-edges.go:47.138,51.62 2 1
graph/internal/graph/build-edges.go:51.62,53.99 1 0
graph/internal/graph/build-edges.go:53.99,55.4 1 0
graph/internal/graph/build-edges.go:56.3,56.33 1 0
graph/internal/graph/build-edges.go:56.33,58.88 2 0
graph/internal/graph/build-edges.go:58.88,59.13 1 0
graph/internal/graph/build-edges.go:61.4,66.6 1 0
graph/internal/graph/build-edges.go:71.2,71.62 1 1
graph/internal/graph/build-edges.go:71.62,73.87 1 1
graph/internal/graph/build-edges.go:73.87,74.57 1 0
graph/internal/graph/build-edges.go:74.57,81.5 1 0
graph/internal/graph/build-edges.go:82.4,82.18 1 0
graph/internal/graph/build-edges.go:84.3,84.86 1 1
graph/internal/graph/build-edges.go:84.86,91.4 1 1
graph/internal/graph/build-edges.go:95.2,95.62 1 1
graph/internal/graph/build-edges.go:95.62,98.34 3 0
graph/internal/graph/build-edges.go:98.34,100.19 2 0
graph/internal/graph/build-edges.go:100.19,101.89 1 0
graph/internal/graph/build-edges.go:101.89,102.14 1 0
graph/internal/graph/build-edges.go:106.4,106.19 1 0
graph/internal/graph/build-edges.go:106.19,107.22 1 0
graph/internal/graph/build-edges.go:107.22,114.6 1 0
graph/internal/graph/build-edges.go:115.5,115.13 1 0
graph/internal/graph/build-edges.go:117.4,117.82 1 0
graph/internal/graph/build-edges.go:117.82,124.5 1 0
graph/internal/graph/build-edges.go:129.2,129.25 1 1
graph/internal/graph/build-edges.go:129.25,136.3 1 0
graph/internal/graph/build-edges.go:138.2,138.16 1 1
graph/internal/graph/build-edges.go:141.71,143.2 1 1
graph/internal/graph/build-edges.go:145.53,146.23 1 0
graph/internal/graph/build-edges.go:146.23,147.41 1 0
graph/internal/graph/build-edges.go:147.41,149.4 1 0
graph/internal/graph/build-edges.go:151.2,151.12 1 0
graph/internal/graph/build-edges.go:154.77,155.29 1 0
graph/internal/graph/build-edges.go:155.29,156.21 1 0
graph/internal/graph/build-edges.go:156.21,158.4 1 0
graph/internal/graph/build-edges.go:160.2,160.13 1 0
graph/internal/graph/build-nodes.go:11.78,13.16 2 0
graph/internal/graph/build-nodes.go:13.16,15.3 1 0
graph/internal/graph/build-nodes.go:17.2,18.16 2 0
graph/internal/graph/build-nodes.go:18.16,20.3 1 0
graph/internal/graph/build-nodes.go:22.2,25.27 3 0
graph/internal/graph/build-nodes.go:25.27,27.16 2 0
graph/internal/graph/build-nodes.go:27.16,28.12 1 0
graph/internal/graph/build-nodes.go:30.3,38.5 2 0
graph/internal/graph/build-nodes.go:42.2,43.24 2 0
graph/internal/graph/build-nodes.go:43.24,45.20 2 0
graph/internal/graph/build-nodes.go:45.20,53.4 1 0
graph/internal/graph/build-nodes.go:55.2,59.16 3 0
graph/internal/graph/build-nodes.go:59.16,61.3 1 0
graph/internal/graph/build-nodes.go:63.2,73.19 3 0
graph/internal/graph/build-nodes.go:77.63,79.32 2 0
graph/internal/graph/build-nodes.go:79.32,87.3 1 0
graph/internal/graph/build-nodes.go:88.2,88.16 1 0
graph/internal/graph/build-nodes.go:93.104,95.100 2 1
graph/internal/graph/build-nodes.go:95.100,96.51 1 0
graph/internal/graph/build-nodes.go:96.51,98.4 1 0
graph/internal/graph/build-nodes.go:100.2,100.70 1 1
graph/internal/graph/build-nodes.go:104.109,106.34 2 1
graph/internal/graph/build-nodes.go:106.34,109.37 3 1
graph/internal/graph/build-nodes.go:109.37,110.16 1 1
graph/internal/graph/build-nodes.go:110.16,112.5 1 1
graph/internal/graph/build-nodes.go:113.4,113.12 1 1
graph/internal/graph/build-nodes.go:115.3,115.54 1 1
graph/internal/graph/build-nodes.go:115.54,117.4 1 1
graph/internal/graph/build-nodes.go:119.2,119.16 1 1
graph/internal/graph/build-nodes.go:124.38,125.34 1 0
graph/internal/graph/build-nodes.go:125.34,127.3 1 0
graph/internal/graph/build-nodes.go:128.2,128.24 1 0
graph/internal/graph/build-nodes.go:131.43,132.39 1 0
graph/internal/graph/build-nodes.go:132.39,134.3 1 0
graph/internal/graph/build-nodes.go:135.2,135.58 1 0
graph/internal/graph/build-nodes.go:135.58,137.3 1 0
graph/internal/graph/build-nodes.go:138.2,138.34 1 0
graph/internal/graph/build-nodes.go:138.34,140.3 1 0
graph/internal/graph/build-nodes.go:141.2,141.17 1 0
graph/internal/graph/build-nodes.go:144.87,146.29 2 1
graph/internal/graph/build-nodes.go:146.29,148.30 2 1
graph/internal/graph/build-nodes.go:148.30,149.27 1 1
graph/internal/graph/build-nodes.go:149.27,151.10 2 1
graph/internal/graph/build-nodes.go:154.3,154.14 1 1
graph/internal/graph/build-nodes.go:154.14,156.4 1 1
graph/internal/graph/build-nodes.go:158.2,158.16 1 1
graph/internal/graph/build-nodes.go:161.34,171.2 1 0
graph/internal/graph/build-status-keys.go:7.73,21.34 3 1
graph/internal/graph/build-status-keys.go:21.34,22.46 1 1
graph/internal/graph/build-status-keys.go:22.46,23.43 1 1
graph/internal/graph/build-status-keys.go:23.43,25.5 1 1
graph/internal/graph/build-status-keys.go:26.4,26.44 1 1
graph/internal/graph/build-status-keys.go:26.44,28.5 1 1
graph/internal/graph/build-status-keys.go:31.3,31.40 1 1
graph/internal/graph/build-status-keys.go:31.40,33.35 2 1
graph/internal/graph/build-status-keys.go:33.35,35.5 1 1
graph/internal/graph/build-status-keys.go:38.3,38.43 1 1
graph/internal/graph/build-status-keys.go:38.43,39.33 1 1
graph/internal/graph/build-status-keys.go:39.33,40.127 1 1
graph/internal/graph/build-status-keys.go:40.127,42.6 1 1
graph/internal/graph/build-status-keys.go:43.5,43.70 1 1
graph/internal/graph/build-status-keys.go:43.70,45.6 1 1
graph/internal/graph/build-status-keys.go:46.5,48.127 2 1
graph/internal/graph/build-status-keys.go:48.127,50.6 1 1
graph/internal/graph/build-status-keys.go:55.3,55.44 1 1
graph/internal/graph/build-status-keys.go:55.44,56.35 1 1
graph/internal/graph/build-status-keys.go:56.35,57.127 1 1
graph/internal/graph/build-status-keys.go:57.127,59.6 1 1
graph/internal/graph/build-status-keys.go:60.5,60.70 1 1
graph/internal/graph/build-status-keys.go:60.70,62.6 1 1
graph/internal/graph/build-status-keys.go:64.5,66.127 2 1
graph/internal/graph/build-status-keys.go:66.127,68.6 1 1
graph/internal/graph/build-status-keys.go:74.2,74.40 1 1
graph/internal/graph/build-status-keys.go:74.40,76.3 1 1
graph/internal/graph/build-status-keys.go:77.2,77.42 1 1
graph/internal/graph/build-status-keys.go:77.42,79.3 1 1
graph/internal/graph/build-status-keys.go:80.2,80.80 1 1
graph/internal/graph/build-status-keys.go:80.80,82.3 1 1
graph/internal/graph/build-status-keys.go:83.2,83.16 1 1
graph/internal/graph/build-status-keys.go:83.16,85.3 1 1
graph/internal/graph/build-status-keys.go:86.2,86.37 1 1
graph/internal/graph/build-status-keys.go:86.37,88.3 1 1
graph/internal/graph/build-status-keys.go:88.8,88.26 1 1
graph/internal/graph/build-status-keys.go:88.26,90.3 1 1
graph/internal/graph/build-status-keys.go:90.8,90.27 1 1
graph/internal/graph/build-status-keys.go:90.27,92.3 1 1
graph/internal/graph/build-status-keys.go:94.2,94.15 1 1
graph/internal/graph/networkPolicyHelpers.go:13.63,15.31 2 1
graph/internal/graph/networkPolicyHelpers.go:15.31,17.3 1 1
graph/internal/graph/networkPolicyHelpers.go:18.2,18.59 1 1
graph/internal/graph/networkPolicyHelpers.go:18.59,20.3 1 0
graph/internal/graph/networkPolicyHelpers.go:22.2,22.14 1 1
graph/internal/graph/workload.go:12.55,14.2 1 0
graph/internal/graph/workload.go:17.66,21.32 3 0
graph/internal/graph/workload.go:21.32,23.17 2 0
graph/internal/graph/workload.go:23.17,25.4 1 0
graph/internal/graph/workload.go:26.3,26.24 1 0
graph/internal/graph/workload.go:29.2,29.32 1 0
graph/internal/graph/workload.go:29.32,31.17 2 0
graph/internal/graph/workload.go:31.17,33.4 1 0
graph/internal/graph/workload.go:34.3,34.32 1 0
graph/internal/graph/workload.go:37.2,37.32 1 0
graph/internal/graph/workload.go:37.32,40.24 3 0
graph/internal/graph/workload.go:40.24,43.4 2 0
graph/internal/graph/workload.go:44.3,44.24 1 0
graph/internal/graph/workload.go:48.2,49.16 2 0
graph/internal/graph/workload.go:49.16,51.3 1 0
graph/internal/graph/workload.go:53.2,56.36 3 0
graph/internal/graph/workload.go:56.36,58.3 1 0
graph/internal/graph/workload.go:61.2,61.50 1 0
graph/internal/graph/workload.go:64.92,66.32 2 0
graph/internal/graph/workload.go:66.32,68.17 2 0
graph/internal/graph/workload.go:68.17,70.4 1 0
graph/internal/graph/workload.go:71.3,71.45 1 0
graph/internal/graph/workload.go:73.2,73.22 1 0
